LTspice 26.0.0 for Windows
Circuit: D:\HK252\TH và HT\HT_ghep_kenh_theo_tan_so.net
Start Time: Tue Sep 22 13:19:59 2026
solver = Normal
Maximum thread count: 12
tnom = 27
temp = 27
method = trap
Direct Newton iteration failed to find operating point.
Starting Gmin stepping
Gmin stepping failed to find operating point. Use".option gminsteps=0" to skip all Gmin stepping.
Starting source stepping with srcstepmethod=0
Source stepping succeeded in finding the operating point.

Total elapsed time: 1.565 seconds.

Files loaded:
D:\HK252\TH và HT\HT_ghep_kenh_theo_tan_so.net
C:\Users\admin\AppData\Local\LTspice\lib\sub\ADI.lib
C:\Users\admin\AppData\Local\LTspice\lib\sub\LTC.lib
C:\Users\admin\AppData\Local\LTspice\lib\sub\ABS.sub
C:\Users\admin\AppData\Local\LTspice\lib\sub\MULT.sub
C:\Users\admin\AppData\Local\LTspice\lib\sub\SUM3.sub

